---
source: ch2/src/pass/patch_instructions.rs
expression: result.to_string_pretty()

---
locals: {x.0, y.1, tmp.0, tmp.1, tmp.2, tmp.3}
stack_space: 48 bytes
start:
    call read_int
    mov qword [rbp - 8], rax
    mov qword [rbp - 16], 2
    add qword [rbp - 16], 3
    call read_int
    mov qword [rbp - 24], rax
    mov rax, qword [rbp - 24]
    mov qword [rbp - 32], rax
    neg qword [rbp - 32]
    mov qword [rbp - 40], 2
    neg qword [rbp - 40]
    mov rax, qword [rbp - 16]
    mov qword [rbp - 48], rax
    mov rax, qword [rbp - 40]
    add qword [rbp - 48], rax
    mov rax, qword [rbp - 32]
    add rax, qword [rbp - 48]
    jmp conclusion

