---
source: ch4/src/pass/patch_instructions.rs
expression: result.to_string_pretty()
---
locals: {x.0, y.1, tmp.0, tmp.1, tmp.2, tmp.3}
used_callee_saved_regs: {rbx}
stack_space: 0 bytes
constants: {}

start:
    call read_int
    mov rbx, rax
    mov rbx, 2
    add rbx, 3
    call read_int
    mov rcx, rax
    neg rcx
    mov rdx, 2
    neg rdx
    add rbx, rdx
    mov rax, rcx
    add rax, rbx
    jmp conclusion

