---
source: ch4/src/pass/explicate_control.rs
expression: result.to_string_pretty()

---
locals: {x.0, y.1, tmp.0, tmp.1, k.2, tmp.2, tmp.4, tmp.3, tmp.5}

start:
    x.0 = 1
    y.1 = (read)
    goto block3
block3:
    if (> x.0 10) goto block4 else goto block5
block4:
    print Str "x="
    print Int x.0
    newline
    tmp.0 = (- y.1 1)
    x.0 = (+ x.0 tmp.0)
    tmp.1 = (- y.1 1)
    print Bool (> x.0 tmp.1)
    newline
    goto block3
block5:
    k.2 = (+ x.0 1)
    print Int k.2
    newline
    tmp.2 = (read)
    y.1 = 37
    tmp.3 = (eq? y.1 x.0)
    if (eq? tmp.3 #f) goto block2 else goto block1
block2:
    tmp.4 = 11
    goto block0
block1:
    tmp.4 = 23
    goto block0
block0:
    tmp.5 = (+ tmp.2 tmp.4)
    return (+ x.0 y.1)

