---
source: ch4/src/pass/interference.rs
expression: "format!(\"{:?}\", result.info)"
---
graph {
    0 [ label = "x.0" ]
    1 [ label = "w.0" ]
    2 [ label = "rdi" ]
    3 [ label = "rsp" ]
    4 [ label = "rbx" ]
    5 [ label = "rdx" ]
    6 [ label = "rsi" ]
    7 [ label = "rax" ]
    8 [ label = "rcx" ]
    9 [ label = "r8" ]
    10 [ label = "r9" ]
    11 [ label = "r10" ]
    12 [ label = "r11" ]
    2 -- 3 [ ]
    2 -- 4 [ ]
    2 -- 5 [ ]
    2 -- 0 [ ]
    6 -- 3 [ ]
    6 -- 4 [ ]
    6 -- 5 [ ]
    6 -- 2 [ ]
    6 -- 0 [ ]
    1 -- 3 [ ]
    1 -- 5 [ ]
    1 -- 6 [ ]
    1 -- 2 [ ]
    7 -- 3 [ ]
    7 -- 1 [ ]
    8 -- 3 [ ]
    8 -- 7 [ ]
    8 -- 1 [ ]
    5 -- 3 [ ]
    5 -- 7 [ ]
    6 -- 7 [ ]
    2 -- 7 [ ]
    9 -- 3 [ ]
    9 -- 7 [ ]
    9 -- 1 [ ]
    10 -- 3 [ ]
    10 -- 7 [ ]
    10 -- 1 [ ]
    11 -- 3 [ ]
    11 -- 7 [ ]
    11 -- 1 [ ]
    12 -- 3 [ ]
    12 -- 7 [ ]
    12 -- 1 [ ]
}

