---
source: ch4/src/pass/instruction_selection.rs
expression: result.to_string_pretty()
---
locals: {x.0: Int, y.1: Int, (tmp).0: Int, (tmp).1: Int}

constants: {}

.start:
    call rt_read_int
    mov x.0, rax
    cmp x.0, 100
    jg .block8
    jmp .block9
.block8:
    call rt_read_int
    mov y.1, rax
    cmp x.0, y.1
    jge .block4
    jmp .block3
.block9:
    cmp x.0, 40
    jg .block7
    jmp .block6
.block4:
    mov (tmp).0, x.0
    sub (tmp).0, y.1
    cmp (tmp).0, 10
    jl .block0
    jmp .block3
.block3:
    cmp x.0, y.1
    jl .block2
    jmp .block1
.block7:
    cmp x.0, 60
    jl .block5
    jmp .block6
.block6:
    mov rax, x.0
    jmp .epilogue
.block0:
    mov rax, -1
    jmp .epilogue
.block2:
    mov (tmp).1, y.1
    sub (tmp).1, x.0
    cmp (tmp).1, 10
    jl .block0
    jmp .block1
.block1:
    mov rax, y.1
    neg rax
    jmp .epilogue
.block5:
    mov rax, 5000
    jmp .epilogue

