---
source: ch4/src/pass/interference.rs
expression: "format!(\"{:?}\", result.info)"
---
graph {
    0 [ label = "x.0" ]
    1 [ label = "y.1" ]
    2 [ label = "tmp.1" ]
    3 [ label = "tmp.0" ]
    4 [ label = "rax" ]
    5 [ label = "rsp" ]
    6 [ label = "rcx" ]
    7 [ label = "rdx" ]
    8 [ label = "rsi" ]
    9 [ label = "rdi" ]
    10 [ label = "r8" ]
    11 [ label = "r9" ]
    12 [ label = "r10" ]
    13 [ label = "r11" ]
    4 -- 5 [ ]
    6 -- 5 [ ]
    6 -- 4 [ ]
    7 -- 5 [ ]
    7 -- 4 [ ]
    8 -- 5 [ ]
    8 -- 4 [ ]
    9 -- 5 [ ]
    9 -- 4 [ ]
    10 -- 5 [ ]
    10 -- 4 [ ]
    11 -- 5 [ ]
    11 -- 4 [ ]
    12 -- 5 [ ]
    12 -- 4 [ ]
    13 -- 5 [ ]
    13 -- 4 [ ]
    0 -- 5 [ ]
    2 -- 5 [ ]
    2 -- 0 [ ]
    2 -- 1 [ ]
    3 -- 5 [ ]
    3 -- 1 [ ]
    3 -- 0 [ ]
    4 -- 0 [ ]
    6 -- 0 [ ]
    7 -- 0 [ ]
    8 -- 0 [ ]
    9 -- 0 [ ]
    10 -- 0 [ ]
    11 -- 0 [ ]
    12 -- 0 [ ]
    13 -- 0 [ ]
    1 -- 5 [ ]
    1 -- 0 [ ]
}

