---
source: ch4/src/pass/interference.rs
expression: "format!(\"{:?}\", result.info)"
---
graph {
    0 [ label = "v.0" ]
    1 [ label = "i.0" ]
    2 [ label = "w.0" ]
    3 [ label = "x.0" ]
    4 [ label = "y.0" ]
    5 [ label = "z.0" ]
    6 [ label = "t.0" ]
    7 [ label = "rsp" ]
    8 [ label = "rax" ]
    0 -- 7 [ ]
    2 -- 7 [ ]
    2 -- 0 [ ]
    3 -- 7 [ ]
    3 -- 2 [ ]
    4 -- 7 [ ]
    4 -- 2 [ ]
    5 -- 7 [ ]
    5 -- 2 [ ]
    5 -- 4 [ ]
    6 -- 7 [ ]
    6 -- 5 [ ]
    8 -- 7 [ ]
    8 -- 6 [ ]
}

