---
source: ch7/src/pass/remove_complex_operands.rs
expression: result.to_string_pretty()
---
(define (foo [f.0 (Int -> Int)]) : Void
 (begin
  (f.0 1)
  (void)))
(define (bar [x.0 Int]) : Int
 (let
  [(tmp).0 ({fun-ref bar 1} x.0)]
  (+ (tmp).0 1)))
(let
 [x.0 {fun-ref bar 1}]
 (begin
  (let
   [(tmp).1 {fun-ref bar 1}]
   ({fun-ref foo 1} (tmp).1))
  ({fun-ref foo 1} x.0)))
