---
source: ch7/src/pass/uniquify.rs
expression: result.to_string_pretty()
---
(define (foo [x.0 Int] [y.1 Int]) : Int
 (+ x.0 y.1))
(define (bar [x.2 Int] [y.3 Int]) : Int
 (let
  [x.4 (+ x.2 1)]
  (let
   [f.5 {fun-ref bar 2}]
   (begin
    (set! f.5 {fun-ref foo 2})
    (* x.4 y.3)))))
(let
 [x.6 (if #t {fun-ref foo 2} {fun-ref bar 2})]
 (print (x.6 1 0)))
