---
source: ch6/src/pass/explicate_control.rs
expression: result.to_string_pretty()
---
types: 0 => Tuple([Void]), 1 => Tuple([Int, Bool, Void, Alias(Resolved(Id { idx: 0 })), Str])
locals: {y.1: Alias(Resolved(Id { idx: 1 })), (tmp).1: Alias(Resolved(Id { idx: 0 })), (tmp).2: Str, (tmp).3: Bool, (tmp).4: Bool, (tmp).5: Alias(Resolved(Id { idx: 0 }))}

.start:
    (tmp).1 = (vector ((tmp).0 : Void))
    (tmp).2 = "abc"
    y.1 = (vector (1 : Int) (#f : Bool) (#<void> : Void) ((tmp).1 : Alias(Resolved(Id { idx: 0 }))) ((tmp).2 : Str))
    (tmp).3 = (vector-ref y.1 [Int])
    (tmp).4 = (not (tmp).3)
    vector-set! y.1 [Int] (tmp).4
    vector-set! y.1 [] 5
    (tmp).5 = (vector-ref y.1 [Int, Bool, Void])
    return #<void>

