---
source: ch6/src/pass/division.rs
expression: result.to_string_pretty()
---
(let
 [x.0 3]
 (print
  (let
   [(div-tmp).2
    (let
     [(div-tmp).1 (- x.0)]
     (if (eq? x.0 0)
      (div-by-zero)
      (remainder (div-tmp).1 x.0)))]
   (if (eq? (div-tmp).2 0)
    (div-by-zero)
    (quotient 17 (div-tmp).2)))))
