---
source: ch6/src/pass/string.rs
expression: result.to_string_pretty()
---
(let
 [x.0 "\n"]
 (print
  (let
   [(str-tmp).5 "abc"]
   (let
    [(str-tmp).6
     (let
      [(str-tmp).1 "+"]
      (let
       [(str-tmp).2 x.0]
       (let
        [(str-tmp).3 (string-length (str-tmp).1)]
        (let
         [(str-tmp).4
          (alloc-string
           (+
            (str-tmp).3
            (string-length (str-tmp).2)))]
         (begin
          (copy-string! (str-tmp).4 0 (str-tmp).1)
          (copy-string!
           (str-tmp).4
           (str-tmp).3
           (str-tmp).2)
          (str-tmp).4)))))]
    (let
     [(str-tmp).7 (string-length (str-tmp).5)]
     (let
      [(str-tmp).8
       (alloc-string
        (+
         (str-tmp).7
         (string-length (str-tmp).6)))]
      (begin
       (copy-string! (str-tmp).8 0 (str-tmp).5)
       (copy-string!
        (str-tmp).8
        (str-tmp).7
        (str-tmp).6)
       (str-tmp).8)))))))
