---
source: ch6/src/pass/instruction_selection.rs
expression: result.to_string_pretty()
---
locals: {y.1: Vector([Int, Bool, Void, Vector([Void]), Str]), tmp.1: Vector([Void]), tmp.2: Str, tmp.3: Bool, tmp.4: Bool, tmp.5: Int}

constants: {"const_1": "abc"}

start:
    mov rdi, 8
    mov rsi, r15
    call rt_allocate
    mov r11, rax
    mov qword [r11], 1
    mov tmp.1, r11
    mov rdi, 3
    mov rsi, const_1
    mov rdx, r15
    call rt_new_string
    mov tmp.2, rax
    mov rdi, 40
    mov rsi, r15
    call rt_allocate
    mov r11, rax
    mov qword [r11], 6177
    mov qword [r11 + 8], 1
    mov qword [r11 + 16], 0
    mov qword [r11 + 24], tmp.1
    mov qword [r11 + 32], tmp.2
    mov y.1, r11
    mov r11, y.1
    mov tmp.3, qword [r11 + 16]
    mov tmp.4, tmp.3
    xor tmp.4, 1
    mov r11, y.1
    mov qword [r11 + 16], tmp.4
    mov tmp.5, 5
    mov r11, y.1
    mov qword [r11 + 8], tmp.5
    jmp conclusion

