---
source: ch6/src/pass/string.rs
expression: result.to_string_pretty()
---
(let
 [x "\n"]
 (print
  (let
   [(string-append-tmp-1)
    "abc"]
   (let
    [(string-append-tmp-2)
     (let
      [(string-append-tmp-1)
       "+"]
      (let
       [(string-append-tmp-2)
        x]
       (let
        [(string-append-len-1)
         (string-length
          (string-append-tmp-1))]
        (let
         [(string-append-tmp-3)
          (alloc-string
           (+
            (string-append-len-1)
            (string-length
             (string-append-tmp-2))))]
         (begin
         (copy-string!
           (string-append-tmp-3)
           0
           (string-append-tmp-1))
          (copy-string!
           (string-append-tmp-3)
           (string-append-len-1)
           (string-append-tmp-2))
          (string-append-tmp-3))))))]
    (let
     [(string-append-len-1)
      (string-length
       (string-append-tmp-1))]
     (let
      [(string-append-tmp-3)
       (alloc-string
        (+
         (string-append-len-1)
         (string-length
          (string-append-tmp-2))))]
      (begin
      (copy-string!
        (string-append-tmp-3)
        0
        (string-append-tmp-1))
       (copy-string!
        (string-append-tmp-3)
        (string-append-len-1)
        (string-append-tmp-2))
       (string-append-tmp-3))))))))
