---
source: ch6/src/pass/explicate_control.rs
expression: result.to_string_pretty()
---
locals: {y.1: Alias(Id { idx: 1 }), tmp.1: Alias(Id { idx: 0 }), tmp.2: Str, tmp.3: Bool, tmp.4: Bool, tmp.5: Int, tmp.6: Alias(Id { idx: 0 })}
types: 0 => Vector([Void]), 1 => Vector([Int, Bool, Void, Alias(Id { idx: 0 }), Str])

start:
    tmp.1 = (vector (tmp.0 : Void))
    tmp.2 = "abc"
    y.1 = (vector (1 : Int) (#f : Bool) (#<void> : Void) (tmp.1 : Alias(Id { idx: 0 })) (tmp.2 : Str))
    tmp.3 = (vector-ref y.1 [Int])
    tmp.4 = (not tmp.3)
    vector-set! y.1 [Int] tmp.4
    tmp.5 = 5
    vector-set! y.1 [] tmp.5
    tmp.6 = (vector-ref y.1 [Int, Bool, Void])
    return #<void>

