---
source: ch3/src/pass/register_allocation.rs
expression: result.to_string_pretty()
---
locals: {v.0, w.0, x.0, y.0, z.0, t.0}
used_callee_saved_regs: {}
stack_space: 16 bytes
constants: {}

start:
    mov rcx, 1
    mov qword [rbp - 16], 42
    mov rcx, rcx
    add rcx, 7
    mov rcx, rcx
    mov qword [rbp - 8], rcx
    add qword [rbp - 8], qword [rbp - 16]
    mov rcx, rcx
    neg rcx
    mov rax, qword [rbp - 8]
    add rax, rcx
    jmp conclusion

