---
source: ch3/src/pass/register_allocation.rs
expression: result.to_string_pretty()
---
locals: {x.0, y.0, z.0, t.0, w.0}
used_callee_saved_regs: 
stack_space: 0 bytes
constants: {}

.start:
    mov r8, rdx
    add r8, rsi
    mov r8, r8
    add r8, rdi
    neg rdx
    neg rsi
    neg r8
    neg rdi

