---
source: ch3/src/pass/register_allocation.rs
expression: result.to_string_pretty()
---
locals: {x.0, w.0}
used_callee_saved_regs: 
stack_space: 8 bytes
constants: {}

.start:
    pop rdi
    pop rsi
    push rdx
    mov qword [rbp - 8], rbx
    call foo
    add qword [rbp - 8], rax
    jmp .epilogue

