---
source: ch5/src/lib.rs
expression: prog
---
extern rt_print_int, rt_print_newline, rt_read_int
section .text

    global _start
_start:
    push rbp
    mov rbp, rsp
    sub rsp, 8
    push rbx
    call rt_read_int
    mov rbx, rax
    cmp rbx, 1
    je .block1
    xor rbx, rbx

.block0:
    mov rdi, rbx
    call rt_print_int
    call rt_print_newline
    pop rbx
    mov rsp, rbp
    pop rbp
    mov rax, 60
    mov rdi, 0
    syscall

.block1:
    mov rbx, 42
    jmp .block0

