---
source: ch5/src/lib.rs
expression: prog
---
extern read_int, print_int, print_str, print_bool, print_newline, initialize_runtime, allocate, new_string
section .text

    global _start
_start:
    push rbp
    mov rbp, rsp
    sub rsp, 8
    push rbx
    call read_int
    mov rbx, rax
    call read_int
    mov rcx, rax
    cmp rbx, 1
    jl block3
    cmp rbx, 2
    je block1

block2:
    add rcx, 10

block0:
    mov rdi, rcx
    call print_int
    call print_newline
    pop rbx
    mov rsp, rbp
    pop rbp
    mov rax, 60
    mov rdi, 0
    syscall

block1:
    add rcx, 2
    jmp block0

block3:
    cmp rbx, 0
    je block1
    jmp block2

