---
source: ch3/src/lib.rs
expression: prog

---
extern read_int, print_int, print_newline
section .text

start:
    mov rcx, 1
    mov qword [rbp - 8], 42
    mov rbx, 7
    add rbx, rcx
    mov rcx, rbx
    add rcx, qword [rbp - 8]
    neg rbx
    mov rax, rcx
    add rax, rbx
    jmp conclusion

    global _start
_start:
    push rbp
    mov rbp, rsp
    sub rsp, 8
    push rbx
    jmp start

conclusion:
    pop rbx
    call print_int
    call print_newline
    mov rsp, rbp
    pop rbp
    mov rax, 60
    mov rdi, 0
    syscall

