---
source: ch4/src/lib.rs
expression: prog
---
extern rt_read_int, rt_print_int, rt_print_str, rt_print_bool
extern rt_print_newline, rt_initialize, rt_allocate, rt_new_string
extern rt_rootstack_begin
section .text

    global _start
_start:
    push rbp
    mov rbp, rsp
    sub rsp, 8
    push rbx
    call rt_read_int
    mov rbx, rax
    cmp rbx, 1
    je block0
    xor rax, rax

conclusion:
    pop rbx
    mov rdi, rax
    call rt_print_int
    call rt_print_newline
    mov rsp, rbp
    pop rbp
    mov rax, 60
    mov rdi, 0
    syscall

block0:
    mov rax, 42
    jmp conclusion

