---
source: ch5/src/pass/remove_complex_operands.rs
expression: result.to_string_pretty()
---
(let
 [x.0 0]
 (let
  [y.1 10]
  (let
   [step.2 (- y.1 7)]
   (let
    [z.3 (read)]
    (begin
    (print "start")
     (let
      [tmp.1
       (if
        (let
         [tmp.0 (eq? y.1 z.3)]
         (not tmp.0))
        "y!=z "
        "y=z")]
      (let
       [tmp.2 (eq? z.3 y.1)]
       (print tmp.1 tmp.2)))
     (while (< x.0 y.1)
      (let
       [t.4 (+ x.0 step.2)]
       (begin
       (set! x.0 t.4)
        (let
         [tmp.3
          (if
           (if (> x.0 5)
            (< x.0 9)
            #f)
           (begin
           (print "neg!")
            (set!
             z.3
             (+ z.3 1))
            (- step.2))
           z.3)]
         (print
          "?="
          tmp.3))))))))))
