---
source: ch5/src/pass/liveness_analysis.rs
expression: result.show()
---
.start:
                    {rsp}
    call read_int
                    {rsp, rax}
    mov tmp.0, rax
                    {rsp, tmp.0}
    cmp tmp.0, 3
                    {rsp}
    jge .block3
                    {rsp}
    jmp .block4
                    {}

.block0:
                    {rsp}
    mov rax, 2
                    {rsp, rax}
    jmp .epilogue
                    {}

.block1:
                    {rsp}
    mov rax, 41
                    {rsp, rax}
    jmp .epilogue
                    {}

.block2:
                    {rsp, x.0}
    cmp x.0, 10
                    {rsp}
    sete al
                    {rsp, rax}
    movzx tmp.1, al
                    {rsp, tmp.1}
    cmp tmp.1, 0
                    {rsp}
    je .block1
                    {rsp}
    jmp .block0
                    {}

.block3:
                    {rsp}
    mov x.0, 10
                    {rsp, x.0}
    jmp .block2
                    {}

.block4:
                    {rsp}
    mov x.0, 77
                    {rsp, x.0}
    jmp .block2
                    {}


