---
source: ch5/src/pass/liveness_analysis.rs
expression: result.show()
---
.start:
                    {rsp, rax, rbx, x.0}
    push x.0
                    {rsp, rax, rbx, x.0}
    mov w.0, rbx
                    {rsp, rax, x.0, w.0}
    pop rbx
                    {rsp, rax, x.0, w.0}
    add x.0, w.0
                    {rsp, rax}
    jmp .conclusion
                    {}


